// Jest Snapshot v1, https://goo.gl/fbAQLP

exports[`View Properties page renders property cards 1`] = `
<DocumentFragment>
  <div
    class="properties-page"
  >
    <div
      class="alert"
    />
    <div>
      <div
        class="property-cards"
      />
    </div>
  </div>
</DocumentFragment>
`;
